[skyeav@skyetop:~/Code/CalPoly/Hackathon/BackendExamples]$ curl -X POST "http://localhost:8000/upload" -F "file=@/home/skyeav/Desktop/chem-373-syllabus.pdf"
{"source_id":"14fcd1b56fe04f30b81ecdb83276f5fa","source_name":"chem-373-syllabus","artifact_path":"/tmp/backend-placeholder/uploads/artifact-14fcd1b56fe04f30b81ecdb83276f5fa.json","artifact_sha256":"2289637d583f7d55149697a9e3a118c6d93711284d72496c185db905c90d5519","metadata_status":"ok","metadata_error_code":null,"metadata_error_message":null,"compressed_bytes":181042,"decompressed_bytes":181042}
[skyeav@skyetop:~/Code/CalPoly/Hackathon/BackendExamples]$ curl -X POST "http://localhost:8000/upload" -F "file=@/home/skyeav/Desktop/nucleotides-lecture.pdf"
{"source_id":"d60cf0e73b88439a8b56c83f628d2c83","source_name":"nucleotides-lecture","artifact_path":"/tmp/backend-placeholder/uploads/artifact-d60cf0e73b88439a8b56c83f628d2c83.json","artifact_sha256":"0cde0f949b1f933814ab6730bf09599a35c215c61c78588c67842a3fdb04bdba","metadata_status":"ok","metadata_error_code":null,"metadata_error_message":null,"compressed_bytes":1094276,"decompressed_bytes":1094276}
[skyeav@skyetop:~/Code/CalPoly/Hackathon/BackendExamples]$ curl -X POST "http://localhost:8000/upload" -F "file=@/home/skyeav/Desktop/nucleotide-synthesis-lecture.pdf"
{"source_id":"86c9b9c7b0904740a6f01c20c3db139f","source_name":"nucleotide-synthesis-lecture","artifact_path":"/tmp/backend-placeholder/uploads/artifact-86c9b9c7b0904740a6f01c20c3db139f.json","artifact_sha256":"6f17072cf58c88d38a57c046672797a60254782bf839619aab73ac193ac45488","metadata_status":"ok","metadata_error_code":null,"metadata_error_message":null,"compressed_bytes":1853983,"decompressed_bytes":1853983}
[skyeav@skyetop:~/Code/CalPoly/Hackathon/BackendExamples]$ curl -X POST "http://localhost:8000/upload" -F "file=@/home/skyeav/Desktop/dna-rna-structure-lecture.pdf"
{"source_id":"4f3d85973a624ddb82632b7293af8f11","source_name":"dna-rna-structure-lecture","artifact_path":"/tmp/backend-placeholder/uploads/artifact-4f3d85973a624ddb82632b7293af8f11.json","artifact_sha256":"f04de1d0fd185e93950712c165320e8eb16e4b8ff390a7b63797e93d96fb41fd","metadata_status":"ok","metadata_error_code":null,"metadata_error_message":null,"compressed_bytes":2449450,"decompressed_bytes":2449450}
[skyeav@skyetop:~/Code/CalPoly/Hackathon/BackendExamples]$ curl -X POST "http://localhost:8000/extract" -H "Content-Type: application/json" -d '{"artifact_path": "/tmp/backend-placeholder/uploads/artifact-7f7b6ddba14444d89985a947a143d9fe.json", "query_canvas": true, "query_openalex": true}'
{"detail":{"error_code":"artifact_not_found","message":"artifact file was not found"}}
[skyeav@skyetop:~/Code/CalPoly/Hackathon/BackendExamples]$ curl -X POST "http://localhost:8000/extract" -H "Content-Type: application/json" -d '{"artifact_path": "/tmp/backend-placeholder/uploads/artifact-14fcd1b56fe04f30b81ecdb83276f5fa.json", "query_canvas":
 true, "query_openalex": true}'
{"artifact_path":"/tmp/backend-placeholder/uploads/artifact-14fcd1b56fe04f30b81ecdb83276f5fa.json","artifact_sha256":"2289637d583f7d55149697a9e3a118c6d93711284d72496c185db905c90d5519","already_processed":false,"added_entities":97,"added_relationships":4,"sources":[{"source_id":"14fcd1b56fe04f30b81ecdb83276f5fa","source_name":"chem-373-syllabus"}]}
[skyeav@skyetop:~/Code/CalPoly/Hackathon/BackendExamples]$ curl -X POST "http://localhost:8000/extract" -H "Content-Type: application/json" -d '{"artifact_path": "/tmp/backend-placeholder/uploads/artifact-d60cf0e73b88439a8b56c83f628d2c83.json", "query_canvas": true, "query_openalex": true}'
{"artifact_path":"/tmp/backend-placeholder/uploads/artifact-d60cf0e73b88439a8b56c83f628d2c83.json","artifact_sha256":"0cde0f949b1f933814ab6730bf09599a35c215c61c78588c67842a3fdb04bdba","already_processed":false,"added_entities":40,"added_relationships":4,"sources":[{"source_id":"d60cf0e73b88439a8b56c83f628d2c83","source_name":"nucleotides-lecture"}]}
[skyeav@skyetop:~/Code/CalPoly/Hackathon/BackendExamples]$ curl -X POST "http://localhost:8000/extract" -H "Content-Type: application/json" -d '{"artifact_path": "/tmp/backend-placeholder/uploads/artifact-86c9b9c7b0904740a6f01c20c3db139f.json", "query_canvas": true, "query_openalex": true}'
{"artifact_path":"/tmp/backend-placeholder/uploads/artifact-86c9b9c7b0904740a6f01c20c3db139f.json","artifact_sha256":"6f17072cf58c88d38a57c046672797a60254782bf839619aab73ac193ac45488","already_processed":false,"added_entities":22,"added_relationships":16,"sources":[{"source_id":"86c9b9c7b0904740a6f01c20c3db139f","source_name":"nucleotide-synthesis-lecture"}]}